Using pre-set license
Built from '2022.3/staging' branch; Version is '2022.3.22f1 (887be4894c44) revision 8944612'; Using compiler version '192829333'; Build Type 'Release'
OS: 'Windows 11  (10.0.22621) 64bit Enterprise' Language: 'en' Physical Memory: 16187 MB
BatchMode: 1, IsHumanControllingUs: 0, StartBugReporterOnCrash: 0, Is64bit: 1, IsPro: 1

COMMAND LINE ARGUMENTS:
C:\Program Files\Unity\Hub\Editor\2022.3.22f1\Editor\Unity.exe
-adb2
-batchMode
-noUpm
-name
AssetImportWorker2
-projectPath
C:/Users/temp/Documents/GitHub/Final-Year-Project/FYP
-logFile
Logs/AssetImportWorker2.log
-srvPort
61261
Successfully changed project path to: C:/Users/temp/Documents/GitHub/Final-Year-Project/FYP
C:/Users/temp/Documents/GitHub/Final-Year-Project/FYP
[UnityMemory] Configuration Parameters - Can be set up in boot.config
    "memorysetup-bucket-allocator-granularity=16"
    "memorysetup-bucket-allocator-bucket-count=8"
    "memorysetup-bucket-allocator-block-size=33554432"
    "memorysetup-bucket-allocator-block-count=8"
    "memorysetup-main-allocator-block-size=16777216"
    "memorysetup-thread-allocator-block-size=16777216"
    "memorysetup-gfx-main-allocator-block-size=16777216"
    "memorysetup-gfx-thread-allocator-block-size=16777216"
    "memorysetup-cache-allocator-block-size=4194304"
    "memorysetup-typetree-allocator-block-size=2097152"
    "memorysetup-profiler-bucket-allocator-granularity=16"
    "memorysetup-profiler-bucket-allocator-bucket-count=8"
    "memorysetup-profiler-bucket-allocator-block-size=33554432"
    "memorysetup-profiler-bucket-allocator-block-count=8"
    "memorysetup-profiler-allocator-block-size=16777216"
    "memorysetup-profiler-editor-allocator-block-size=1048576"
    "memorysetup-temp-allocator-size-main=16777216"
    "memorysetup-job-temp-allocator-block-size=2097152"
    "memorysetup-job-temp-allocator-block-size-background=1048576"
    "memorysetup-job-temp-allocator-reduction-small-platforms=262144"
    "memorysetup-allocator-temp-initial-block-size-main=262144"
    "memorysetup-allocator-temp-initial-block-size-worker=262144"
    "memorysetup-temp-allocator-size-background-worker=32768"
    "memorysetup-temp-allocator-size-job-worker=262144"
    "memorysetup-temp-allocator-size-preload-manager=33554432"
    "memorysetup-temp-allocator-size-nav-mesh-worker=65536"
    "memorysetup-temp-allocator-size-audio-worker=65536"
    "memorysetup-temp-allocator-size-cloud-worker=32768"
    "memorysetup-temp-allocator-size-gi-baking-worker=262144"
    "memorysetup-temp-allocator-size-gfx=262144"
Player connection [28204] Host "[IP] 192.168.23.1 [Port] 0 [Flags] 2 [Guid] 1723518274 [EditorId] 1723518274 [Version] 1048832 [Id] WindowsEditor(7,DB627-A13) [Debug] 1 [PackageName] WindowsEditor [ProjectName] Editor" joined multi-casting on [225.0.0.222:54997]...

Player connection [28204] Host "[IP] 192.168.23.1 [Port] 0 [Flags] 2 [Guid] 1723518274 [EditorId] 1723518274 [Version] 1048832 [Id] WindowsEditor(7,DB627-A13) [Debug] 1 [PackageName] WindowsEditor [ProjectName] Editor" joined alternative multi-casting on [225.0.0.222:34997]...

[Physics::Module] Initialized MultithreadedJobDispatcher with 11 workers.
Refreshing native plugins compatible for Editor in 202.23 ms, found 3 plugins.
Preloading 0 native plugins for Editor in 0.00 ms.
Initialize engine version: 2022.3.22f1 (887be4894c44)
[Subsystems] Discovering subsystems at path C:/Program Files/Unity/Hub/Editor/2022.3.22f1/Editor/Data/Resources/UnitySubsystems
[Subsystems] Discovering subsystems at path C:/Users/temp/Documents/GitHub/Final-Year-Project/FYP/Assets
GfxDevice: creating device client; threaded=0; jobified=0
Direct3D:
    Version:  Direct3D 11.0 [level 11.1]
    Renderer: NVIDIA GeForce RTX 4060 Ti (ID=0x2805)
    Vendor:   NVIDIA
    VRAM:     16109 MB
    Driver:   32.0.15.6636
Initialize mono
Mono path[0] = 'C:/Program Files/Unity/Hub/Editor/2022.3.22f1/Editor/Data/Managed'
Mono path[1] = 'C:/Program Files/Unity/Hub/Editor/2022.3.22f1/Editor/Data/MonoBleedingEdge/lib/mono/unityjit-win32'
Mono config path = 'C:/Program Files/Unity/Hub/Editor/2022.3.22f1/Editor/Data/MonoBleedingEdge/etc'
Using monoOptions --debugger-agent=transport=dt_socket,embedding=1,server=y,suspend=n,address=127.0.0.1:56900
Begin MonoManager ReloadAssembly
Registering precompiled unity dll's ...
Register platform support module: C:/Program Files/Unity/Hub/Editor/2022.3.22f1/Editor/Data/PlaybackEngines/AndroidPlayer/UnityEditor.Android.Extensions.dll
Register platform support module: C:/Program Files/Unity/Hub/Editor/2022.3.22f1/Editor/Data/PlaybackEngines/WindowsStandaloneSupport/UnityEditor.WindowsStandalone.Extensions.dll
Registered in 0.616066 seconds.
- Loaded All Assemblies, in 11.038 seconds
Native extension for WindowsStandalone target not found
Native extension for Android target not found
Multiple ADB server instances found, the following ADB server instance have been terminated due to being run from another SDK. Process paths: 
C:\Program Files\Unity\Hub\Editor\2022.3.3f1\Editor\Data\PlaybackEngines\AndroidPlayer\SDK\platform-tools\adb.exe
UnityEngine.StackTraceUtility:ExtractStackTrace ()
UnityEngine.DebugLogHandler:LogFormat (UnityEngine.LogType,UnityEngine.Object,string,object[])
UnityEngine.Logger:Log (UnityEngine.LogType,object)
UnityEngine.Debug:Log (object)
UnityEditor.Android.AndroidDeploymentTargetsExtension:GetKnownTargets (UnityEditor.DeploymentTargets.IDeploymentTargetsMainThreadContext,UnityEditor.ProgressHandler)
UnityEditor.Android.TargetScanWorker:ScanSync ()
UnityEditor.Android.TargetExtension:OnUsbDevicesChanged (UnityEditor.Hardware.UsbDevice[])
UnityEditor.Android.TargetExtension:OnLoad ()
UnityEditor.Modules.ModuleManager:InitializePlatformSupportModules ()

Android Extension - Scanning For ADB Devices 2628 ms
Mono: successfully reloaded assembly
- Finished resetting the current domain, in  3.188 seconds
Domain Reload Profiling: 14225ms
	BeginReloadAssembly (9497ms)
		ExecutionOrderSort (0ms)
		DisableScriptedObjects (0ms)
		BackupInstance (0ms)
		ReleaseScriptingObjects (0ms)
		CreateAndSetChildDomain (1ms)
	RebuildCommonClasses (46ms)
	RebuildNativeTypeToScriptingClass (12ms)
	initialDomainReloadingComplete (676ms)
	LoadAllAssembliesAndSetupDomain (806ms)
		LoadAssemblies (9495ms)
		RebuildTransferFunctionScriptingTraits (0ms)
		AnalyzeDomain (804ms)
			TypeCache.Refresh (802ms)
				TypeCache.ScanAssembly (787ms)
			ScanForSourceGeneratedMonoScriptInfo (1ms)
			ResolveRequiredComponents (1ms)
	FinalizeReload (3188ms)
		ReleaseScriptCaches (0ms)
		RebuildScriptCaches (0ms)
		SetupLoadedEditorAssemblies (3122ms)
			LogAssemblyErrors (0ms)
			InitializePlatformSupportModulesInManaged (2922ms)
			SetLoadedEditorAssemblies (5ms)
			RefreshPlugins (0ms)
			BeforeProcessingInitializeOnLoad (2ms)
			ProcessInitializeOnLoadAttributes (138ms)
			ProcessInitializeOnLoadMethodAttributes (55ms)
			AfterProcessingInitializeOnLoad (0ms)
			EditorAssembliesLoaded (0ms)
		ExecutionOrderSort2 (0ms)
		AwakeInstancesAfterBackupRestoration (0ms)
========================================================================
Worker process is ready to serve import requests
Begin MonoManager ReloadAssembly
- Loaded All Assemblies, in  4.158 seconds
Refreshing native plugins compatible for Editor in 4.90 ms, found 3 plugins.
Native extension for WindowsStandalone target not found
Native extension for Android target not found
Package Manager log level set to [2]
[Package Manager] Server::EnsureServerProcessIsRunning -- launch failed, reason: Unity was launched with the -noUpm command-line argument
[Package Manager] UpmClient::Send -- Unable to send message (not connected to UPM process).
[Package Manager] Cannot connect to Unity Package Manager local server
Mono: successfully reloaded assembly
- Finished resetting the current domain, in  3.214 seconds
Domain Reload Profiling: 7367ms
	BeginReloadAssembly (159ms)
		ExecutionOrderSort (0ms)
		DisableScriptedObjects (7ms)
		BackupInstance (0ms)
		ReleaseScriptingObjects (0ms)
		CreateAndSetChildDomain (23ms)
	RebuildCommonClasses (49ms)
	RebuildNativeTypeToScriptingClass (18ms)
	initialDomainReloadingComplete (53ms)
	LoadAllAssembliesAndSetupDomain (3874ms)
		LoadAssemblies (3574ms)
		RebuildTransferFunctionScriptingTraits (0ms)
		AnalyzeDomain (389ms)
			TypeCache.Refresh (333ms)
				TypeCache.ScanAssembly (309ms)
			ScanForSourceGeneratedMonoScriptInfo (37ms)
			ResolveRequiredComponents (17ms)
	FinalizeReload (3215ms)
		ReleaseScriptCaches (0ms)
		RebuildScriptCaches (0ms)
		SetupLoadedEditorAssemblies (2943ms)
			LogAssemblyErrors (0ms)
			InitializePlatformSupportModulesInManaged (27ms)
			SetLoadedEditorAssemblies (5ms)
			RefreshPlugins (0ms)
			BeforeProcessingInitializeOnLoad (95ms)
			ProcessInitializeOnLoadAttributes (795ms)
			ProcessInitializeOnLoadMethodAttributes (2013ms)
			AfterProcessingInitializeOnLoad (8ms)
			EditorAssembliesLoaded (0ms)
		ExecutionOrderSort2 (0ms)
		AwakeInstancesAfterBackupRestoration (7ms)
Launched and connected shader compiler UnityShaderCompiler.exe after 0.04 seconds
Refreshing native plugins compatible for Editor in 7.94 ms, found 3 plugins.
Preloading 0 native plugins for Editor in 0.00 ms.
Unloading 6370 Unused Serialized files (Serialized files now loaded: 0)
Unloading 102 unused Assets / (3.6 MB). Loaded Objects now: 6839.
Memory consumption went from 299.3 MB to 295.7 MB.
Total: 39.068000 ms (FindLiveObjects: 0.893000 ms CreateObjectMapping: 1.145100 ms MarkObjects: 35.022600 ms  DeleteObjects: 2.005000 ms)

AssetImportParameters requested are different than current active one (requested -> active):
  custom:container-demuxer-ogg: 62fdf1f143b41e24485cea50d1cbac27 -> 
  custom:video-codec-MediaFoundation-h265: 746d11721c4dcdbdad8f713fa42b33f4 -> 
  custom:video-decoder-ogg-theora: a1e56fd34408186e4bbccfd4996cb3dc -> 
  custom:framework-win-MediaFoundation: 216162199b28c13a410421893ffa2e32 -> 
  custom:CustomObjectIndexerAttribute: 9a22284fe3817be447336de3de66b15e -> 
  custom:container-demuxer-webm: 4f35f7cbe854078d1ac9338744f61a02 -> 
  custom:container-muxer-webm: aa71ff27fc2769a1b78a27578f13a17b -> 
  custom:video-decoder-webm-vp8: 9c59270c3fd7afecdb556c50c9e8de78 -> 
  custom:SearchIndexIgnoredProperties: e643bd26f0fe6173181afceb89e7c659 -> 
  custom:AudioImporter_EditorPlatform: d09bf68614088b80899f8185d706f6e7 -> 
  custom:video-encoder-webm-vp8: eb34c28f22e8b96e1ab97ce403110664 -> 
  custom:audio-decoder-ogg-vorbis: bf7c407c2cedff20999df2af8eb42d56 -> 
  custom:audio-encoder-webm-vorbis: bf7c407c2cedff20999df2af8eb42d56 -> 
========================================================================
Received Import Request.
  Time since last request: 9559.947724 seconds.
  path: Assets/FYP/Prefab/Hit(1).prefab
  artifactKey: Guid(cdb85164e0136af49ac4f3ba12e67338) Importer(815301076,1909f56bfc062723c751e8b465ee728b)
Start importing Assets/FYP/Prefab/Hit(1).prefab using Guid(cdb85164e0136af49ac4f3ba12e67338) Importer(815301076,1909f56bfc062723c751e8b465ee728b)  -> (artifact id: '3412b6a75d0e6bd24fe0e2d544902114') in 3.215692 seconds
Number of updated asset objects reloaded before import = 0
Number of asset objects unloaded after import = 28
========================================================================
Received Import Request.
  Time since last request: 554.965839 seconds.
  path: Assets/FYP/Material/back Material 2.mat
  artifactKey: Guid(829dd8d87e6191140a626ab5d713a122) Importer(815301076,1909f56bfc062723c751e8b465ee728b)
Start importing Assets/FYP/Material/back Material 2.mat using Guid(829dd8d87e6191140a626ab5d713a122) Importer(815301076,1909f56bfc062723c751e8b465ee728b)  -> (artifact id: '555deab52ff6fedb642e73247473326b') in 0.055358 seconds
Number of updated asset objects reloaded before import = 0
Number of asset objects unloaded after import = 1
========================================================================
Received Import Request.
  Time since last request: 0.000053 seconds.
  path: Assets/FYP/Material/lose Material 1.mat
  artifactKey: Guid(9fb6241e5173d874eb00755c11851281) Importer(815301076,1909f56bfc062723c751e8b465ee728b)
Start importing Assets/FYP/Material/lose Material 1.mat using Guid(9fb6241e5173d874eb00755c11851281) Importer(815301076,1909f56bfc062723c751e8b465ee728b)  -> (artifact id: '03f9c3ba792a99449c68fb970e2f010d') in 0.021243 seconds
Number of updated asset objects reloaded before import = 0
Number of asset objects unloaded after import = 1
========================================================================
Received Import Request.
  Time since last request: 1.019441 seconds.
  path: Assets/FYP/Audio/Click_sound.mp3
  artifactKey: Guid(4cf63915c81ff1d40a3cce8a9422cd73) Importer(815301076,1909f56bfc062723c751e8b465ee728b)
Start importing Assets/FYP/Audio/Click_sound.mp3 using Guid(4cf63915c81ff1d40a3cce8a9422cd73) Importer(815301076,1909f56bfc062723c751e8b465ee728b)  -> (artifact id: '7c205a22dec4b0b970fb6e34a85cc21d') in 0.031285 seconds
Number of updated asset objects reloaded before import = 0
Number of asset objects unloaded after import = 2
========================================================================
Received Import Request.
  Time since last request: 11.456230 seconds.
  path: Assets/FYP/Item/Mop.fbx
  artifactKey: Guid(c469b54a7ee0155439bc57798050452e) Importer(815301076,1909f56bfc062723c751e8b465ee728b)
Start importing Assets/FYP/Item/Mop.fbx using Guid(c469b54a7ee0155439bc57798050452e) Importer(815301076,1909f56bfc062723c751e8b465ee728b)  -> (artifact id: '573b80fcb95d824520654e84e973f732') in 0.523860 seconds
Number of updated asset objects reloaded before import = 0
Number of asset objects unloaded after import = 51
========================================================================
Received Import Request.
  Time since last request: 9.724204 seconds.
  path: Assets/FYP/Prefab/Mop.prefab
  artifactKey: Guid(7806a3e92b6c70140a64f814515cc956) Importer(815301076,1909f56bfc062723c751e8b465ee728b)
Start importing Assets/FYP/Prefab/Mop.prefab using Guid(7806a3e92b6c70140a64f814515cc956) Importer(815301076,1909f56bfc062723c751e8b465ee728b)  -> (artifact id: '9defcd93c3658fe2b6642663cc818e58') in 0.034224 seconds
Number of updated asset objects reloaded before import = 0
Number of asset objects unloaded after import = 95
========================================================================
Received Import Request.
  Time since last request: 164.797871 seconds.
  path: Assets/FYP/Prefab/Mop (1) Variant.prefab
  artifactKey: Guid(47d4fce518c618547bf08974778285cf) Importer(815301076,1909f56bfc062723c751e8b465ee728b)
Start importing Assets/FYP/Prefab/Mop (1) Variant.prefab using Guid(47d4fce518c618547bf08974778285cf) Importer(815301076,1909f56bfc062723c751e8b465ee728b)  -> (artifact id: '3141a2981aaa213475402dcb059ea8be') in 0.104582 seconds
Number of updated asset objects reloaded before import = 0
Number of asset objects unloaded after import = 137
========================================================================
Received Import Request.
  Time since last request: 7.251587 seconds.
  path: Assets/FYP/Prefab/Mop (1).prefab
  artifactKey: Guid(e7f93659f7d919044b65c4f56af3e8f0) Importer(815301076,1909f56bfc062723c751e8b465ee728b)
Start importing Assets/FYP/Prefab/Mop (1).prefab using Guid(e7f93659f7d919044b65c4f56af3e8f0) Importer(815301076,1909f56bfc062723c751e8b465ee728b)  -> (artifact id: '6ab80e09355efa4bcf0138413f971cca') in 0.020333 seconds
Number of updated asset objects reloaded before import = 0
Number of asset objects unloaded after import = 93
========================================================================
Received Import Request.
  Time since last request: 33.784917 seconds.
  path: Assets/FYP/Prefab/Hit(1).prefab
  artifactKey: Guid(cdb85164e0136af49ac4f3ba12e67338) Importer(815301076,1909f56bfc062723c751e8b465ee728b)
Start importing Assets/FYP/Prefab/Hit(1).prefab using Guid(cdb85164e0136af49ac4f3ba12e67338) Importer(815301076,1909f56bfc062723c751e8b465ee728b)  -> (artifact id: 'e9900d588f591f0c2fae453c8af14687') in 0.080666 seconds
Number of updated asset objects reloaded before import = 0
Number of asset objects unloaded after import = 26
========================================================================
Received Import Request.
  Time since last request: 6.755897 seconds.
  path: Assets/FYP/Prefab/Hit(1).prefab
  artifactKey: Guid(cdb85164e0136af49ac4f3ba12e67338) Importer(815301076,1909f56bfc062723c751e8b465ee728b)
Start importing Assets/FYP/Prefab/Hit(1).prefab using Guid(cdb85164e0136af49ac4f3ba12e67338) Importer(815301076,1909f56bfc062723c751e8b465ee728b)  -> (artifact id: '4a2cf4f891b278fda88cf8891f255cd1') in 0.067121 seconds
Number of updated asset objects reloaded before import = 0
Number of asset objects unloaded after import = 26
========================================================================
Received Import Request.
  Time since last request: 3.081863 seconds.
  path: Assets/FYP/Prefab/Hit(1).prefab
  artifactKey: Guid(cdb85164e0136af49ac4f3ba12e67338) Importer(815301076,1909f56bfc062723c751e8b465ee728b)
Start importing Assets/FYP/Prefab/Hit(1).prefab using Guid(cdb85164e0136af49ac4f3ba12e67338) Importer(815301076,1909f56bfc062723c751e8b465ee728b)  -> (artifact id: 'd8ceb33ece7c824886113ca9f14df844') in 0.042607 seconds
Number of updated asset objects reloaded before import = 0
Number of asset objects unloaded after import = 26
========================================================================
Received Import Request.
  Time since last request: 217.989069 seconds.
  path: Assets/FYP/Prefab/Hit (1).prefab
  artifactKey: Guid(c04ee98f3048a6648ab96872f84cf30d) Importer(815301076,1909f56bfc062723c751e8b465ee728b)
Start importing Assets/FYP/Prefab/Hit (1).prefab using Guid(c04ee98f3048a6648ab96872f84cf30d) Importer(815301076,1909f56bfc062723c751e8b465ee728b)  -> (artifact id: 'ea4b35be1cd7220c96eeb695497077f1') in 0.101635 seconds
Number of updated asset objects reloaded before import = 0
Number of asset objects unloaded after import = 26
